// Jest Snapshot v1, https://goo.gl/fbAQLP

exports[`Pruebas en GifGridItem.js Debe mostrar el componente correctamente 1`] = `
<div
  className="gif__card animate__animated animate__fadeIn"
>
  <img />
  <p />
</div>
`;
